// Jest Snapshot v1, https://goo.gl/fbAQLP

exports[`Snapshot for CheckoutButtonComponent 1`] = `
<View
  style={
    {
      "alignItems": "center",
      "flex": 2,
      "justifyContent": "center",
    }
  }
>
  <View
    accessibilityState={
      {
        "busy": undefined,
        "checked": undefined,
        "disabled": true,
        "expanded": undefined,
        "selected": undefined,
      }
    }
    accessibilityValue={
      {
        "max": undefined,
        "min": undefined,
        "now": undefined,
        "text": undefined,
      }
    }
    accessible={true}
    collapsable={false}
    focusable={true}
    onBlur={[Function]}
    onClick={[Function]}
    onFocus={[Function]}
    onResponderGrant={[Function]}
    onResponderMove={[Function]}
    onResponderRelease={[Function]}
    onResponderTerminate={[Function]}
    onResponderTerminationRequest={[Function]}
    onStartShouldSetResponder={[Function]}
    style={
      [
        {
          "alignItems": "center",
          "borderRadius": 5,
          "height": "65%",
          "justifyContent": "center",
          "width": "92%",
        },
        {
          "backgroundColor": "gray",
        },
      ]
    }
    testID="CheckoutNavigate"
  >
    <View
      style={
        {
          "backgroundColor": "white ",
        }
      }
    >
      <Text
        style={
          {
            "fontSize": 25,
            "fontWeight": "bold",
          }
        }
      >
        Checkout
      </Text>
    </View>
  </View>
</View>
`;
