// Jest Snapshot v1, https://goo.gl/fbAQLP

exports[`snapshot 1`] = `
<View
  style={
    {
      "alignItems": "center",
      "flexDirection": "row",
      "marginTop": 20,
    }
  }
>
  <Text
    style={
      {
        "color": "grey",
        "fontSize": 16,
        "fontWeight": "600",
      }
    }
  >
    Don't have an account? 
  </Text>
  <View
    accessibilityState={
      {
        "busy": undefined,
        "checked": undefined,
        "disabled": undefined,
        "expanded": undefined,
        "selected": undefined,
      }
    }
    accessibilityValue={
      {
        "max": undefined,
        "min": undefined,
        "now": undefined,
        "text": undefined,
      }
    }
    accessible={true}
    collapsable={false}
    focusable={true}
    onClick={[Function]}
    onResponderGrant={[Function]}
    onResponderMove={[Function]}
    onResponderRelease={[Function]}
    onResponderTerminate={[Function]}
    onResponderTerminationRequest={[Function]}
    onStartShouldSetResponder={[Function]}
    style={
      {
        "opacity": 1,
      }
    }
    testID="SignUpIfNotRegistered"
  >
    <Text
      style={
        {
          "color": "#7E3B14",
          "fontSize": 19,
          "fontWeight": "bold",
        }
      }
    >
      Sing Up
    </Text>
  </View>
</View>
`;
