// Jest Snapshot v1, https://goo.gl/fbAQLP

exports[`snapshot 1`] = `
<View
  style={
    {
      "alignItems": "center",
      "flexDirection": "row",
      "marginTop": 20,
    }
  }
>
  <Text
    style={
      {
        "color": "#7E3B14",
        "fontSize": 19,
        "fontWeight": "bold",
      }
    }
  >
    Forget Password?
  </Text>
</View>
`;
