// Jest Snapshot v1, https://goo.gl/fbAQLP

exports[`snapshot 1`] = `
<View
  style={
    {
      "height": 533.6,
      "margin": -5,
      "paddingTop": "13%",
    }
  }
>
  <Image
    source={
      {
        "uri": "",
      }
    }
    style={
      {
        "flex": 2,
        "height": "100%",
        "marginBottom": "-5%",
        "width": "100%",
      }
    }
  />
  <View
    style={
      {
        "backgroundColor": "#ffff",
        "borderTopLeftRadius": 40,
        "borderTopRightRadius": 40,
        "flex": 1,
      }
    }
  >
    <Text>
      RestrauntDescriptionComponent
    </Text>
  </View>
</View>
`;
